adapterik
aktest
annettegreiner
aparkin
aweadmin
ballen9
basynthec2
bc
bescornl
betty
bgtest
bobcottingham
boisvert
brettin
brettintest
canon
canontest
cbun
chenry
communitiesdemo
communitiesdemo
dangunter
dannymur413
danolson1
default
dejongh
demo
demomike
dev03wipe
devoid
devuser
devuser2
disz
dolson
dolsontest1
doreen
drakemm2
dtyu
dware
dwestontn
dylan
eapearson
eapearsontest1
eaptest1
eaptest10
eaptest11
eaptest12
eaptest12
eaptest13
eaptest14
eaptest15
eaptest16
eaptest18
eaptest20
eaptest21
eaptest22
eaptest23
eaptest24
eaptest25
eaptest26
eaptest27
eaptest3
eaptest30
eaptest31
eaptest4
eaptest40
eaptest5
eaptest6
eaptest7
eaptest8
edietrich
experimenttest
fangfang
fanggang
fei1
feitest
fged22
folker
fperez
gaprice
gdpusch
gingi
gprice
grohderprodtest1
guest
handle
hlh17
hlh35
hlh7
hnordberg
htest
igordon
ildubchak
ipython
janaka
janakakbase
jared
jbischof
jgitest1
jgitest3
jimdavis
jimdavis2
jkbaumohl
jkbaumohltest
jmc
jplfaria
kazakov
kb
kbase1
kbasecatalog
kbasedev
kbasedocumentation
kbasegroups
kbasenarrative
kbaseplants
kbaseprod
kbasepublic
kbasesearch
kbasetest
kbasetest1
kbasetest10
kbasetest2
kbasetest5
kbasetest6
kbasetest7
kbasetest8
kbasetester
kbasetestersk
kbasetesterui
kbasetesting
kbasetestuser
kbaseuser
kbaseuser10
kbaseusername
kbgwasuser
kbgwasuser2
kbgwasuser4
kbjenkins
kbmetricsapi
kbnartest
kbplants
kbusergwas
kbuserprofileadmin
kkeller
kkellerwombat
koragh
landml
leah70
leauze
legacy
leuze
lms
lschriml
lynn
lynns
malkhafaji
marcin
marcinj
marland
martinsa
maslov
mccorkle
mgrast
mhenderson
mills
miriamtester
mmundy
modelseed
mrbestertester
mschatz
msneddon
mykbaseusername
nardevuser1
narrativejoblistener
narrativetester
nconrad
networkdemo
nlharris
noemail
ntintle
olson
ontology
ontologyservice
paczian
plane83
plane83test
plants
pranjan77
psdehal
psndev
psnovichkov
pub
public
publised
rachanakbase
rachanakbase1
ranantha
ranantha6
rasttutorial
raziz
reviewer0
reviewer1
reviewer10
reviewer11
reviewer2
reviewer3
reviewer4
reviewer5
reviewer6
reviewer7
reviewer8
reviewer9
rlstevens
rossoverbeek
rscanon
rstevens
rsutormin
sarahpoon
scanon
seanmccorkle
seaver
sheryaskb
sjyoo
skondo
skyoo
srividya22
sspoon
sspoongm
stevemoulton
stevens
sun
sunita
sunita2
sychan
sychan168
syed
syedmh
teharrison
test4
test5
testuser
testuser01
testuser10
thomasbrown
thomasoniii
thulsadoon
tomasbrown
tomaswbrown
tomaswbrown2
tombrown2
tomwssockuser
treetester1
trimble
tuser5
vivek37373
vkumar
wangquion
wgerlach
wilke
wjriehl
workspaceadmin
workspaceroot
workspaceshockuser
wsbackendtester1
wstest
wstester1
wstester2
wstester3
wstester4
wtang222
