aparkin
mmundy
janakakbase
dolson
psdehal
scanon
sychan
brettin
wilke
gaprice
public
jmc
nlharris
ranantha
rachanakbase
rsutormin
aweadmin
aktest
kazakov
bescornl
basynthec2
betty
workspaceroot
modelseed
dangunter
dannymur413
danolson1
dtyu
doreen
dylan
marland
edietrich
adapterik
networkdemo
plane83
plane83test
fanggang
default
gprice
legacy
grohderprodtest1
gdpusch
koragh
htest
leah70
handle
test5
hnordberg
test4
hlh7
hlh35
kbaseuser10
mykbaseusername
igordon
jimdavis
janaka
jbischof
jkbaumohl
jkbaumohltest
thomasoniii
jplfaria
kbgwasuser
kbgwasuser4
kbplants
kbasetest5
ipython
kb
narrativejoblistener
kbasepublic
kbasetest
kbasetest1
kbasetester
kbasetest6
kkeller
thulsadoon
lynn
lynns
lms
lschriml
kbasesearch
dejongh
mhenderson
drakemm2
demomike
leauze
mschatz
msneddon
landml
malkhafaji
syedmh
kbnartest
narrativetester
kbaseuser
nconrad
ontologyservice
ontology
nardevuser1
psndev
psnovichkov
wangquion
rasttutorial
rachanakbase1
ranantha6
raziz
reviewer0
ryade@anl.gov
seaver
sarahpoon
mccorkle
seanmccorkle
martinsa
skyoo
skondo
gingi
sheryaskb
srividya22
stevemoulton
sunita2
plants
sun
sunita
boisvert
disz
brettintest
jgitest3
tomasbrown
thomasbrown
teharrison
vkumar
wstester1
wstester2
wtang222
wjriehl
trimble
wgerlach
wstest
wsbackendtester1
wstester3
experimenttest
fei1
jared
kbase1
kbasetest2
kbaseplants
kbasetest8
marcin
syed
devuser2
noemail
pranjan77
pub
publised
reviewer1
reviewer10
reviewer11
reviewer2
reviewer3
reviewer4
reviewer5
reviewer6
reviewer7
reviewer8
reviewer9
fged22
testuser01
feitest
tombrown2
tomwssockuser
tuser5
wstester4
workspaceshockuser
sjyoo
stevens
paczian
janakakbase
chenry
eapearson
fangfang
cbun
